// Jest Snapshot v1, https://goo.gl/fbAQLP

exports[`Speakers renders correctly 1`] = `
<div
  css={
    Object {
      "backgroundColor": "#f8f8f8",
    }
  }
  id="speakers"
>
  <h1
    css={
      Object {
        "@media(max-width: 820px)": Object {
          "paddingBottom": "24px",
          "paddingTop": "66px",
        },
        "paddingBottom": "48px",
        "paddingTop": "112px",
        "textAlign": "center",
      }
    }
  >
    Fireside Chat Speakers
  </h1>
  <div
    css={
      Object {
        "@media(max-width: 820px)": Object {
          "display": "none",
        },
        "display": "grid",
        "gridTemplateColumns": "1fr 1fr ",
        "marginLeft": "auto",
        "marginRight": "auto",
        "maxWidth": 1000,
      }
    }
  >
    <SpeakerCard
      description="Matthew is a machine learning Ph.D. and thought leader pioneering the field of applied artificial intelligence (AI). Matt's groundbreaking research in computer vision has propelled the image recognition industry from theory to real-world application. Matthew is a machine learning Ph.D. and thought leader pioneering the field of applied artificial intelligence (AI). Matt's groundbreaking research in computer vision has propelled the image recognition industry from theory to real-world application. Matthew is a machine learning Ph.D. and thought leader pioneering the field of applied artificial intelligence (AI). Matt's groundbreaking research in computer vision has propelled the image recognition industry from theory to real-world application. Matthew is a machine learning Ph.D. and ya."
      image="test-file-stub"
      key="Vinith Suriyakumar"
      name="Vinith Suriyakumar"
      title="Founder and CEO of Clarifai"
    />
    <SpeakerCard
      description="Matthew is a machine learning Ph.D. and thought leader pioneering the field of applied artificial intelligence (AI). Matt's groundbreaking research in computer vision has propelled the image recognition industry from theory to real-world application. Matthew is a machine learning Ph.D. and thought leader pioneering the field of applied artificial intelligence (AI). Matt's groundbreaking research in computer vision has propelled the image recognition industry from theory to real-world application. Matthew is a machine learning Ph.D. and thought leader pioneering the field of applied artificial intelligence (AI). Matt's groundbreaking research in computer vision has propelled the image recognition industry from theory to real-world application. Matthew is a machine learning Ph.D. and ya."
      image="test-file-stub"
      key="Noah Ifergan"
      name="Noah Ifergan"
      title="Founder and CEO of Clarifai"
    />
  </div>
  <div
    css={
      Object {
        "@media(min-width: 820px)": Object {
          "display": "none",
        },
        "paddingBottom": "30px",
      }
    }
  >
    <SpeakerSlider
      speakers={
        Array [
          Object {
            "description": "Matthew is a machine learning Ph.D. and thought leader pioneering the field of applied artificial intelligence (AI). Matt's groundbreaking research in computer vision has propelled the image recognition industry from theory to real-world application. Matthew is a machine learning Ph.D. and thought leader pioneering the field of applied artificial intelligence (AI). Matt's groundbreaking research in computer vision has propelled the image recognition industry from theory to real-world application. Matthew is a machine learning Ph.D. and thought leader pioneering the field of applied artificial intelligence (AI). Matt's groundbreaking research in computer vision has propelled the image recognition industry from theory to real-world application. Matthew is a machine learning Ph.D. and ya.",
            "image": "test-file-stub",
            "name": "Vinith Suriyakumar",
            "title": "Founder and CEO of Clarifai",
          },
          Object {
            "description": "Matthew is a machine learning Ph.D. and thought leader pioneering the field of applied artificial intelligence (AI). Matt's groundbreaking research in computer vision has propelled the image recognition industry from theory to real-world application. Matthew is a machine learning Ph.D. and thought leader pioneering the field of applied artificial intelligence (AI). Matt's groundbreaking research in computer vision has propelled the image recognition industry from theory to real-world application. Matthew is a machine learning Ph.D. and thought leader pioneering the field of applied artificial intelligence (AI). Matt's groundbreaking research in computer vision has propelled the image recognition industry from theory to real-world application. Matthew is a machine learning Ph.D. and ya.",
            "image": "test-file-stub",
            "name": "Noah Ifergan",
            "title": "Founder and CEO of Clarifai",
          },
        ]
      }
    />
  </div>
</div>
`;
