// Jest Snapshot v1, https://goo.gl/fbAQLP

exports[`Sponsors renders correctly 1`] = `
<div
  css={
    Object {
      " img": Object {
        ":hover": Object {
          "transform": "scale(1.1)",
        },
        "padding": "20px",
        "transition": "0.3s",
      },
      "backgroundColor": "#f8f8f8",
    }
  }
  id="sponsors"
>
  <div
    css={
      Object {
        "@media(max-width: 850px)": Object {
          " >div": Object {
            "gridTemplateColumns": "1fr",
          },
          "paddingLeft": "20px",
          "paddingRight": "20px",
        },
        "marginLeft": "auto",
        "marginRight": "auto",
        "maxWidth": "1000px",
        "paddingTop": "80px",
        "textAlign": "center",
      }
    }
  >
    <h1>
      Sponsors
    </h1>
    <div
      css={
        Object {
          "display": "block",
          "paddingTop": "56px",
        }
      }
    >
      <_default
        url="https://tucows.com"
      >
        <img
          css={
            Object {
              "width": "70%",
            }
          }
          data-cy="test-sponsor-image"
          src="test-file-stub"
        />
      </_default>
    </div>
    <div
      css={
        Object {
          "display": "grid",
          "gridTemplateColumns": "1fr 1fr",
          "paddingTop": "50px",
        }
      }
    >
      <_default
        url="https://kingsds.network"
      >
        <img
          css={
            Object {
              "width": "80%",
            }
          }
          src="test-file-stub"
        />
      </_default>
      <_default
        url="https://sunlife.ca"
      >
        <div
          css={
            Object {
              "padding": "20px",
              "position": "relative",
            }
          }
        >
          <img
            css={
              Object {
                "width": "100%",
              }
            }
            src="test-file-stub"
          />
        </div>
      </_default>
    </div>
    <div
      css={
        Object {
          "paddingTop": "75px",
        }
      }
    >
      <div
        css={
          Object {
            "@media(max-width: 850px)": Object {
              "gridTemplateColumns": "1fr",
            },
            "display": "grid",
            "gridTemplateColumns": "1fr 1fr 1fr",
          }
        }
      >
        <div
          css={
            Object {
              "width": "100%",
            }
          }
        >
          <_default
            url="https://consensys.net/"
          >
            <img
              css={
                Object {
                  "width": "100%",
                }
              }
              src="test-file-stub"
            />
          </_default>
        </div>
        <_default
          url="https://td.ca"
        >
          <img
            css={
              Object {
                "width": "45%",
              }
            }
            src="test-file-stub"
          />
        </_default>
        <div>
          <_default
            url="https://ratehub.ca"
          >
            <img
              css={
                Object {
                  "width": "100%",
                }
              }
              src="test-file-stub"
            />
          </_default>
        </div>
      </div>
    </div>
    <div
      css={
        Object {
          "@media(max-width: 850px)": Object {
            "gridTemplateColumns": "1fr",
          },
          "display": "grid",
          "gridTemplateColumns": "1fr 1fr",
          "marginLeft": "auto",
          "marginRight": "auto",
          "width": "80%",
        }
      }
    >
      <div>
        <_default
          url="https://scotiabank.ca"
        >
          <img
            css={
              Object {
                "width": "100%",
              }
            }
            src="test-file-stub"
          />
        </_default>
      </div>
      <div
        css={
          Object {
            " img": Object {
              "width": "65%",
            },
          }
        }
      >
        <_default
          url="https://loopio.com"
        >
          <img
            src="test-file-stub"
          />
        </_default>
      </div>
    </div>
    <div
      css={
        Object {
          "@media(max-width: 850px)": Object {
            "marginLeft": "auto",
            "marginRight": "auto",
            "width": "50%",
          },
          "display": "grid",
          "gridTemplateColumns": "1fr 1fr 1fr 1fr",
          "paddingTop": "50px",
        }
      }
    >
      <_default
        url="https://balsamiq.com"
      >
        <img
          css={
            Object {
              "width": "80%",
            }
          }
          src="test-file-stub"
        />
      </_default>
      <_default
        url="https://wolfram.com/language/"
      >
        <img
          css={
            Object {
              "width": "80%",
            }
          }
          src="test-file-stub"
        />
      </_default>
      <_default
        url="https://ritual.co"
      >
        <img
          css={
            Object {
              "width": "100%",
            }
          }
          src="test-file-stub"
        />
      </_default>
      <_default
        url="https://wake-ups.com"
      >
        <img
          css={
            Object {
              "width": "50%",
            }
          }
          src="test-file-stub"
        />
      </_default>
    </div>
    <div
      css={
        Object {
          "display": "grid",
          "gridTemplateColumns": "1fr 1fr",
          "marginLeft": "auto",
          "marginRight": "auto",
          "width": "50%",
        }
      }
    >
      <_default
        url="https://sketchapp.com"
      >
        <img
          css={
            Object {
              "width": "100%",
            }
          }
          src="test-file-stub"
        />
      </_default>
      <_default
        url="https://www.launchacademy.ca/"
      >
        <img
          css={
            Object {
              "width": "100%",
            }
          }
          src="test-file-stub"
        />
      </_default>
    </div>
    <div
      css={
        Object {
          "paddingBottom": "100px",
          "paddingTop": "100px",
        }
      }
    >
      <h1
        css={
          Object {
            "paddingBottom": "48px",
          }
        }
      >
        Our Partners
      </h1>
      <p
        css={
          Object {
            ">a": Object {
              ":hover": Object {
                "textDecoration": "none",
              },
              "color": "#c81c2e",
              "textDecoration": "underline",
            },
            "color": "#c81c2e",
            "fontWeight": "bold",
            "paddingBottom": "24px",
          }
        }
      >
        Interested in partnering? Contact us at
         
        <a
          data-cy="partners-email-prompt"
          href="mailto:partnership@qhacks.io"
        >
          partnership@qhacks.io
        </a>
      </p>
      <ActionButton
        backgroundColor="#f8f8f8"
        foregroundColor="#c81c2e"
        style={
          Object {
            "margin": "0 auto",
            "paddingLeft": "40px",
            "paddingRight": "40px",
          }
        }
        type="rounded"
      >
        Become a partner
      </ActionButton>
    </div>
    <div
      css={
        Object {
          "display": "grid",
          "gridTemplateColumns": "1fr 1fr",
          "paddingBottom": "100px",
        }
      }
    >
      <_default
        url="https://queensu.ca/innovationcentre/"
      >
        <img
          css={
            Object {
              "width": "100%",
            }
          }
          src="test-file-stub"
        />
      </_default>
      <_default
        url="https://smith.queensu.ca/grad_studies/mei/"
      >
        <img
          css={
            Object {
              "width": "100%",
            }
          }
          src="test-file-stub"
        />
      </_default>
    </div>
  </div>
</div>
`;
