// Jest Snapshot v1, https://goo.gl/fbAQLP

exports[`SellingPoints renders correctly 1`] = `
<div
  css={
    Object {
      "padding": "143px 0",
      "position": "relative",
    }
  }
>
  <div
    css={
      Object {
        "alignItems": "center",
        "display": "flex",
        "flexWrap": "wrap",
        "justifyContent": "center",
        "margin": "0 auto",
        "marginBottom": "48px",
        "padding": "0",
      }
    }
  >
    <div
      css={
        Object {
          "@media(max-width: 820px)": Object {
            "margin": "16px",
          },
          "flex": 1,
          "margin": "0 28px 28px 28px",
          "maxWidth": "510px",
          "minWidth": "300px",
          "textAlign": "center",
        }
      }
    >
      <h1>
        Grow Your Network.
      </h1>
      <p
        css={
          Object {
            "fontSize": "15px",
            "lineHeight": "24px",
            "margin": "32px auto",
            "maxWidth": "500px",
          }
        }
      >
        QHacks was first held in 2016 with a mission to advocate and incubate the tech community at Queen's University and throughout Canada. Going into our third year we have been aggressively growing to become one of the highest quality and exciting hackathons in North America. Over the weekend, immerse yourself in the tech community and meet new people!
      </p>
      <SellingPointsIcons
        list={
          Array [
            Object {
              "icon": "test-file-stub",
              "number": 1800,
              "text": "Applications",
            },
            Object {
              "icon": "test-file-stub",
              "number": 25,
              "text": "Schools",
            },
            Object {
              "icon": "test-file-stub",
              "number": 500,
              "text": "Hackers",
            },
          ]
        }
      />
    </div>
    <div
      css={
        Object {
          "@media(max-width: 820px)": Object {
            "margin": "16px",
          },
          "flex": 1,
          "margin": "0 28px 28px 28px",
          "maxHeight": "320px",
          "maxWidth": "475px",
          "minWidth": "300px",
          "textAlign": "center",
        }
      }
    >
      <picture
        css={
          Object {
            "maxHeight": "320px",
            "maxWidth": "475px",
            "width": "100%",
          }
        }
      >
        <source
          srcset="test-file-stub"
          type="image/webp"
        />
        <source
          srcset="test-file-stub"
          type="image/jpg"
        />
        <img
          alt="Hackers in a workshop"
          src="test-file-stub"
        />
      </picture>
    </div>
  </div>
  <div
    css={
      Object {
        "alignItems": "center",
        "display": "flex",
        "flexWrap": "wrap-reverse",
        "justifyContent": "center",
        "margin": "0 auto",
        "marginBottom": 0,
        "padding": "0",
      }
    }
  >
    <div
      css={
        Object {
          "@media(max-width: 820px)": Object {
            "margin": "16px",
          },
          "flex": 1,
          "margin": "0 28px 28px 28px",
          "maxHeight": "320px",
          "maxWidth": "475px",
          "minWidth": "300px",
          "textAlign": "center",
        }
      }
    >
      <picture
        css={
          Object {
            "maxHeight": "320px",
            "maxWidth": "475px",
            "width": "100%",
          }
        }
      >
        <source
          srcset="test-file-stub"
          type="image/webp"
        />
        <source
          srcset="test-file-stub"
          type="image/jpg"
        />
        <img
          alt="Mentor judging a VR hack"
          src="test-file-stub"
        />
      </picture>
    </div>
    <div
      css={
        Object {
          "@media(max-width: 820px)": Object {
            "margin": "16px",
          },
          "flex": 1,
          "margin": "0 28px 28px 28px",
          "maxWidth": "510px",
          "minWidth": "300px",
          "textAlign": "center",
        }
      }
    >
      <h1>
        Showcase to Experts.
      </h1>
      <p
        css={
          Object {
            "fontSize": "15px",
            "lineHeight": "24px",
            "margin": "32px auto",
            "maxWidth": "500px",
          }
        }
      >
        This year, we have a colourful array of mentors, speakers, sponsors and other industry professionals. Chat one-on one with the likes of Microsoft, Telus, RBC and other big names with a sprinkling of those smaller tech startups we all love. Looking for some inspiration? Stuck on a roadblock? Did your stepper motor malfunction? Not to worry, there will always be a helping hand at the ready.
      </p>
      <SellingPointsIcons
        list={
          Array [
            Object {
              "icon": "test-file-stub",
              "number": 40,
              "text": "Mentors",
            },
            Object {
              "icon": "test-file-stub",
              "number": 20,
              "text": "Judges",
            },
            Object {
              "icon": "test-file-stub",
              "number": 15,
              "text": "Challenges",
            },
          ]
        }
      />
    </div>
  </div>
  <picture
    css={
      Object {
        "@media(max-width: 1200px)": Object {
          "bottom": "-140px",
          "height": "220px",
          "left": "-45px",
          "width": "358px",
        },
        "bottom": "-220px",
        "display": "block",
        "height": "361px",
        "left": "-100px",
        "position": "absolute",
        "width": "588px",
        "zIndex": 3,
      }
    }
  >
    <source
      srcset="test-file-stub"
      type="image/webp"
    />
    <source
      srcset="test-file-stub"
      type="image/png"
    />
    <img
      alt="Floating cubes"
      src="test-file-stub"
    />
  </picture>
</div>
`;
