// Jest Snapshot v1, https://goo.gl/fbAQLP

exports[`ActionButton renders correctly 1`] = `
<button
  css={
    Object {
      ":hover": Object {
        "backgroundColor": "#ffffff",
        "color": "#000000",
        "transition": "0.5s",
      },
      "backgroundColor": "#000000",
      "border": "solid 2px #ffffff",
      "borderRadius": "28px",
      "color": "#ffffff",
      "fontSize": "18px",
      "margin": "10px",
      "padding": "10px",
    }
  }
>
  TEST
</button>
`;
