// Jest Snapshot v1, https://goo.gl/fbAQLP

exports[`SignUpForm renders correctly 1`] = `
<div
  css={
    Object {
      "margin": "12px 0 0 8px",
      "maxWidth": "530px",
      "width": "100%",
    }
  }
>
  <div
    css={
      Object {
        "alignItems": "center",
        "display": "flex",
        "flexWrap": "wrap",
        "justifyContent": "center",
      }
    }
  >
    <input
      css={
        Object {
          "border": "none",
          "borderRadius": "4px",
          "flexGrow": 2,
          "fontSize": "16px",
          "height": "48px",
          "lineHeight": "48px",
          "margin": "4px",
          "padding": "0 16px",
        }
      }
      data-cy="signup-input"
      onChange={[Function]}
      placeholder="Enter your email address"
      type="email"
      value=""
    />
    <ActionButton
      backgroundColor="white"
      css={
        Object {
          "margin": "4px",
        }
      }
      data-cy="signup-button"
      disabled={false}
      foregroundColor="black"
      onClick={[Function]}
      type="rect"
      width="130px"
    >
      Sign Up
    </ActionButton>
  </div>
  <p
    css={
      Object {
        "fontWeight": "500",
        "height": "22px",
        "lineHeight": "22px",
        "marginTop": "8px",
      }
    }
  />
</div>
`;
