// Jest Snapshot v1, https://goo.gl/fbAQLP

exports[`SignUpForm renders correctly 1`] = `
<div
  css={
    Object {
      "textAlign": "center",
    }
  }
>
  <input
    css={
      Object {
        "border": "none",
        "borderRadius": "4px",
        "fontSize": "16px",
        "fontWeight": 500,
        "height": "48px",
        "margin": "8px",
        "marginRight": "4px",
        "minWidth": "50%",
        "paddingLeft": "16px",
        "paddingRight": "16px",
        "width": "300px",
      }
    }
    placeholder="Enter your email address"
    type="text"
  />
  <ActionButton
    backgroundColor="white"
    dataCy="signup-button"
    foregroundColor="#00205b"
    style={
      Object {
        "buttonStyles": Object {
          "border": "none",
          "borderRadius": "4px",
          "fontSize": "16px",
          "fontWeight": 500,
          "margin": "8px",
          "marginLeft": "4px",
        },
      }
    }
    type="rect"
  >
    Sign Up
  </ActionButton>
</div>
`;
