// Jest Snapshot v1, https://goo.gl/fbAQLP

exports[`EventSchedule renders correctly 1`] = `
<div
  css={
    Object {
      "@media(max-width: 700px)": Object {
        "width": "100%",
      },
      "margin": "0 auto",
      "maxWidth": "1076px",
      "padding": "110px 0",
      "width": "85%",
    }
  }
  id="schedule"
>
  <h1
    css={
      Object {
        "textAlign": "center",
      }
    }
  >
    Event Schedule
  </h1>
  <DaySwitcher
    changeDay={[Function]}
    days={
      Array [
        "2019-02-01",
        "2019-02-02",
        "2019-02-03",
      ]
    }
  />
  <h3
    css={
      Object {
        "marginLeft": "16px",
        "textTransform": "uppercase",
      }
    }
  >
    Friday, February 1st, 2019
  </h3>
  <table
    data-css-1arh9c8=""
  >
    <tbody>
      <tr
        css={
          Object {
            "backgroundColor": "#C81C2E",
            "color": "white",
          }
        }
      >
        <th>
          Time
        </th>
        <th>
          Duration
        </th>
        <th>
          Event
        </th>
        <th>
          Location
        </th>
      </tr>
      <tr
        css={
          Object {
            "backgroundColor": "#F6F6F6",
          }
        }
        key="Busses arrive/registration 2019-02-01T17:00:00"
      >
        <td>
          5:00 PM
        </td>
        <td>
          3 hrs
        </td>
        <td>
          Busses arrive/registration
        </td>
        <td>
          Kingston Hall
        </td>
      </tr>
      <tr
        css={
          Object {
            "backgroundColor": "#F6F6F6",
          }
        }
        key="Dinner - Presented by iGan Partners (Sandwiches) 2019-02-01T17:00:00"
      >
        <td>
          5:00 PM
        </td>
        <td>
          3 hrs
        </td>
        <td>
          Dinner - Presented by iGan Partners (Sandwiches)
        </td>
        <td>
          Kingston Hall
        </td>
      </tr>
      <tr
        css={
          Object {
            "backgroundColor": "#F6F6F6",
          }
        }
        key="Opening Ceremonies 2019-02-01T20:00:00"
      >
        <td>
          8:00 PM
        </td>
        <td>
          2 hrs
        </td>
        <td>
          Opening Ceremonies
        </td>
        <td>
          Kingston Hall
        </td>
      </tr>
      <tr
        css={
          Object {
            "backgroundColor": "#F6F6F6",
          }
        }
        key="Team Formation 2019-02-01T22:00:00"
      >
        <td>
          10:00 PM
        </td>
        <td>
          30 mins
        </td>
        <td>
          Team Formation
        </td>
        <td>
          BioSci Auditorium
        </td>
      </tr>
      <tr
        css={
          Object {
            "backgroundColor": "#F6F6F6",
          }
        }
        key="Hacking Begins 2019-02-01T22:00:00"
      >
        <td>
          10:00 PM
        </td>
        <td>
          36 hrs
        </td>
        <td>
          Hacking Begins
        </td>
        <td />
      </tr>
      <tr
        css={
          Object {
            "backgroundColor": "#F6F6F6",
          }
        }
        key="Shipping Products Fast: How to Build Fully-Fledged APIs and Services in minutes using StdLib 2019-02-01T23:00:00"
      >
        <td>
          11:00 PM
        </td>
        <td>
          1 hr
        </td>
        <td>
          Shipping Products Fast: How to Build Fully-Fledged APIs and Services in minutes using StdLib
        </td>
        <td>
          Walter Light Hall - Room 210
        </td>
      </tr>
    </tbody>
  </table>
</div>
`;
